// Jest Snapshot v1, https://goo.gl/fbAQLP

exports[`[Acceptance] products-page should be able to buy product 1`] = `
Array [
  "https://api.github.com/graphql",
  Object {
    "body": "{\\"operationName\\":\\"PlaceOrder\\",\\"variables\\":{\\"items\\":[{\\"productId\\":\\"63ea6485732ff5cf8b364431\\",\\"amount\\":1},{\\"productId\\":\\"63ea6485732ff5cf8b364434\\",\\"amount\\":2}]},\\"query\\":\\"mutation PlaceOrder($items: [OrderItem!]!) {\\\\n  placeOrder(items: $items)\\\\n}\\"}",
    "headers": Object {
      "accept": "*/*",
      "content-type": "application/json",
    },
    "method": "POST",
    "signal": AbortSignal {},
  },
]
`;
