// Jest Snapshot v1, https://goo.gl/fbAQLP

exports[`product-item should render 1`] = `
<DocumentFragment>
  <div
    class="ProductItem"
    data-testid="ProductItem-63ea6485732ff5cf8b36442c"
  >
    <div
      class="ProductItem-name"
    >
      Artichoke
    </div>
    <div
      class="ProductItem-priceAndStock"
    >
      46,36 €
      <div
        class="ProductItem-stock"
      >
        In stock: 12
      </div>
    </div>
    <div
      class="ProductItem-buy"
    >
      Buy
    </div>
  </div>
</DocumentFragment>
`;
