// Jest Snapshot v1, https://goo.gl/fbAQLP

exports[`shopping-cart-list-item should render 1`] = `
<DocumentFragment>
  <div
    class="ShoppingCartListItem"
  >
    <div
      class="ShoppingCartListItem-product"
    >
      <div
        class="ShoppingCartListItem-name"
      >
        Artichoke
      </div>
      <div
        class="ShoppingCartListItem-price"
      >
        Price: 46.36 EUR
      </div>
      <div
        class="ShoppingCartListItem-amountColumn"
      >
        <div
          class="ShoppingCartListItem-amount"
        >
          Amount: 3
        </div>
        <div
          class="ShoppingCartListItem-actions"
        >
          <div
            class="ShoppingCartListItem-button"
          >
            add
          </div>
          /
          <div
            class="ShoppingCartListItem-button"
          >
            remove
          </div>
        </div>
      </div>
      <div
        class="ShoppingCartListItem-totalPrice"
      >
        139.08 EUR
      </div>
    </div>
  </div>
</DocumentFragment>
`;
